<?xml version="1.0" encoding="utf-8"?><testsuites name="pytest tests"><testsuite name="pytest" errors="0" failures="0" skipped="0" tests="25" time="0.423" timestamp="2026-10-05T23:11:54.281606+07:00" hostname="1d372a4b2b47"><testcase classname="tests.test_controller" name="test_normal_session_completes_with_safe_shutdown" time="0.001" /><testcase classname="tests.test_controller" name="test_injected_faults_abort_safely[authentication_failure-authentication_failed]" time="0.002" /><testcase classname="tests.test_controller" name="test_injected_faults_abort_safely[rlt_shutdown_failure-rlt_shutdown_failure]" time="0.001" /><testcase classname="tests.test_controller" name="test_injected_faults_abort_safely[uvb_shutdown_failure-uvb_shutdown_failure]" time="0.001" /><testcase classname="tests.test_controller" name="test_injected_faults_abort_safely[delivery_start_timeout-delivery_start_timeout]" time="0.001" /><testcase classname="tests.test_controller" name="test_injected_faults_abort_safely[delivery_system_failure-delivery_system_failure]" time="0.001" /><testcase classname="tests.test_controller" name="test_injected_faults_abort_safely[emergency_stop_rlt-emergency_stop_during_rlt]" time="0.001" /><testcase classname="tests.test_controller" name="test_injected_faults_abort_safely[emergency_stop_uvb-emergency_stop_during_uvb]" time="0.001" /><testcase classname="tests.test_controller" name="test_injected_faults_abort_safely[emergency_stop_delivery-emergency_stop_during_delivery]" time="0.001" /><testcase classname="tests.test_controller" name="test_rlt_shutdown_failure_never_starts_uvb" time="0.000" /><testcase classname="tests.test_controller" name="test_uvb_shutdown_failure_never_starts_delivery" time="0.001" /><testcase classname="tests.test_controller" name="test_delivery_deadline_is_enforced" time="0.001" /><testcase classname="tests.test_controller" name="test_event_sequence_and_time_are_monotonic" time="0.001" /><testcase classname="tests.test_controller" name="test_no_event_snapshot_has_mutually_exclusive_outputs_active" time="0.001" /><testcase classname="tests.test_controller" name="test_guard_catches_forced_rlt_uvb_overlap" time="0.002" /><testcase classname="tests.test_controller" name="test_guard_catches_forced_uvb_delivery_overlap" time="0.001" /><testcase classname="tests.test_controller" name="test_guard_catches_delivery_phase_before_uvb_is_off" time="0.001" /><testcase classname="tests.test_controller" name="test_invalid_configurations_are_rejected" time="0.001" /><testcase classname="tests.test_controller" name="test_events_are_exposed_as_immutable_tuple" time="0.001" /><testcase classname="tests.test_simulation" name="test_scenario_generation_is_seeded" time="0.001" /><testcase classname="tests.test_simulation" name="test_fault_probability_validation" time="0.000" /><testcase classname="tests.test_simulation" name="test_seeded_simulation_detects_all_injected_faults" time="0.127" /><testcase classname="tests.test_simulation" name="test_all_normal_sessions_complete" time="0.019" /><testcase classname="tests.test_simulation" name="test_report_artifacts_are_written" time="0.011" /><testcase classname="tests.test_simulation" name="test_cli_generates_complete_artifact_set" time="0.027" /></testsuite></testsuites>